// Jest Snapshot v1, https://goo.gl/fbAQLP

exports[`should render a Footer component 1`] = `"<footer class=\\"footer\\"><div class=\\"content has-text-centered\\"><p><strong>Fluffy Companion</strong> by<a href=\\"https://miguelricano.me\\"> Miguel Rica√±o</a>. The source code is licensed<a href=\\"http://opensource.org/licenses/mit-license.php\\"> MIT</a>. The website content is licensed<a href=\\"http://creativecommons.org/licenses/by-nc-sa/4.0/\\">CC BY NC SA 4.0</a>.</p></div></footer>"`;
